\BOOKMARK [1][-]{section.1}{\376\377\000P\000u\000r\000p\000o\000s\000e\000\040\000a\000n\000d\000\040\000n\000o\000t\000a\000t\000i\000o\000n}{}% 1
\BOOKMARK [1][-]{section.2}{\376\377\000A\000d\000d\000i\000t\000i\000v\000e\000\040\000p\000e\000r\000t\000u\000r\000b\000a\000t\000i\000o\000n\000\040\000c\000e\000r\000t\000i\000f\000i\000c\000a\000t\000e}{}% 2
\BOOKMARK [2][-]{subsection.2.1}{\376\377\000C\000a\000y\000l\000e\000y\000\040\000L\000i\000p\000s\000c\000h\000i\000t\000z\000\040\000e\000s\000t\000i\000m\000a\000t\000e}{section.2}% 3
\BOOKMARK [2][-]{subsection.2.2}{\376\377\000C\000e\000r\000t\000i\000f\000i\000c\000a\000t\000e\000-\000a\000w\000a\000r\000e\000\040\000l\000e\000g\000a\000c\000y\000\040\000o\000b\000j\000e\000c\000t\000i\000v\000e}{section.2}% 4
\BOOKMARK [1][-]{section.3}{\376\377\000E\000x\000a\000c\000t\000-\000r\000e\000g\000u\000l\000a\000r\000i\000z\000e\000r\000\040\000b\000l\000o\000c\000k\000\040\000s\000t\000r\000u\000c\000t\000u\000r\000e}{}% 5
\BOOKMARK [1][-]{section.4}{\376\377\000B\000l\000o\000c\000k\000-\000G\000e\000r\000s\000h\000g\000o\000r\000i\000n\000\040\000d\000i\000s\000k\000s}{}% 6
\BOOKMARK [1][-]{section.5}{\376\377\000S\000i\000g\000n\000e\000d\000\040\000r\000e\000c\000t\000a\000n\000g\000l\000e\000\040\000a\000n\000d\000\040\000c\000o\000m\000m\000u\000t\000a\000t\000o\000r\000\040\000i\000n\000f\000o\000r\000m\000a\000t\000i\000o\000n}{}% 7
\BOOKMARK [1][-]{section.6}{\376\377\000P\000e\000r\000r\000o\000n\000\040\000c\000o\000m\000p\000a\000r\000i\000s\000o\000n\000\040\000r\000e\000c\000t\000a\000n\000g\000l\000e}{}% 8
\BOOKMARK [1][-]{section.7}{\376\377\000S\000p\000a\000r\000s\000e\000\040\000t\000r\000u\000n\000c\000a\000t\000e\000d\000-\000k\000e\000r\000n\000e\000l\000\040\000c\000e\000r\000t\000i\000f\000i\000c\000a\000t\000e}{}% 9
\BOOKMARK [1][-]{section.8}{\376\377\000C\000o\000m\000m\000u\000t\000a\000t\000o\000r\000\040\000a\000n\000d\000\040\000o\000r\000i\000e\000n\000t\000a\000t\000i\000o\000n\000\040\000d\000i\000a\000g\000n\000o\000s\000t\000i\000c\000s}{}% 10
\BOOKMARK [1][-]{section.9}{\376\377\000C\000e\000r\000t\000i\000f\000i\000c\000a\000t\000e\000\040\000e\000x\000p\000e\000r\000i\000m\000e\000n\000t\000s\000\040\000a\000n\000d\000\040\000s\000c\000a\000l\000i\000n\000g}{}% 11
\BOOKMARK [2][-]{subsection.9.1}{\376\377\000S\000t\000r\000u\000c\000t\000u\000r\000e\000d\000\040\000e\000n\000c\000l\000o\000s\000u\000r\000e\000\040\000c\000o\000m\000p\000a\000r\000i\000s\000o\000n}{section.9}% 12
\BOOKMARK [2][-]{subsection.9.2}{\376\377\000C\000o\000n\000t\000r\000o\000l\000l\000e\000d\000\040\000v\000a\000r\000i\000a\000b\000l\000e\000-\000c\000o\000e\000f\000f\000i\000c\000i\000e\000n\000t\000\040\000p\000r\000e\000d\000i\000c\000t\000o\000r\000\040\000t\000e\000s\000t\000s}{section.9}% 13
\BOOKMARK [2][-]{subsection.9.3}{\376\377\000T\000r\000u\000n\000c\000a\000t\000i\000o\000n\000\040\000s\000c\000a\000l\000i\000n\000g}{section.9}% 14
\BOOKMARK [2][-]{subsection.9.4}{\376\377\000A\000d\000d\000i\000t\000i\000o\000n\000a\000l\000\040\000a\000l\000g\000e\000b\000r\000a\000i\000c\000\040\000v\000e\000r\000i\000f\000i\000c\000a\000t\000i\000o\000n}{section.9}% 15
\BOOKMARK [1][-]{section.10}{\376\377\000I\000m\000p\000l\000e\000m\000e\000n\000t\000a\000t\000i\000o\000n\000\040\000a\000n\000d\000\040\000b\000a\000s\000e\000l\000i\000n\000e\000\040\000d\000e\000t\000a\000i\000l\000s}{}% 16
\BOOKMARK [2][-]{subsection.10.1}{\376\377\000S\000o\000l\000v\000e\000r}{section.10}% 17
\BOOKMARK [2][-]{subsection.10.2}{\376\377\000B\000a\000s\000e\000l\000i\000n\000e\000s}{section.10}% 18
\BOOKMARK [2][-]{subsection.10.3}{\376\377\000C\000e\000r\000t\000i\000f\000i\000c\000a\000t\000e\000\040\000r\000e\000f\000e\000r\000e\000n\000c\000e\000\040\000b\000l\000o\000c\000k\000s\000\040\000a\000n\000d\000\040\000r\000e\000g\000u\000l\000a\000r\000i\000z\000e\000r\000\040\000s\000y\000m\000b\000o\000l\000s}{section.10}% 19
\BOOKMARK [1][-]{section.11}{\376\377\000A\000d\000d\000i\000t\000i\000o\000n\000a\000l\000\040\000b\000e\000n\000c\000h\000m\000a\000r\000k\000\040\000i\000n\000f\000o\000r\000m\000a\000t\000i\000o\000n}{}% 20
\BOOKMARK [2][-]{subsection.11.1}{\376\377\000C\000o\000n\000t\000r\000o\000l\000l\000e\000d\000\040\000r\000e\000a\000l\000-\000c\000o\000n\000t\000e\000n\000t\000\040\000p\000i\000l\000o\000t}{section.11}% 21
\BOOKMARK [2][-]{subsection.11.2}{\376\377\000C\000o\000a\000r\000s\000e\000\040\000d\000i\000r\000e\000c\000t\000\040\000s\000p\000e\000c\000t\000r\000a\000l\000\040\000o\000p\000t\000i\000m\000i\000z\000a\000t\000i\000o\000n\000\040\000d\000i\000a\000g\000n\000o\000s\000t\000i\000c}{section.11}% 22
\BOOKMARK [2][-]{subsection.11.3}{\376\377\000C\000I\000M\000A\000\040\000p\000r\000e\000p\000r\000o\000c\000e\000s\000s\000i\000n\000g\000\040\000a\000n\000d\000\040\000i\000n\000i\000t\000i\000a\000l\000i\000z\000a\000t\000i\000o\000n}{section.11}% 23
\BOOKMARK [2][-]{subsection.11.4}{\376\377\000F\000I\000R\000E\000\040\000p\000a\000r\000a\000m\000e\000t\000e\000r\000\040\000s\000u\000m\000m\000a\000r\000y}{section.11}% 24
\BOOKMARK [2][-]{subsection.11.5}{\376\377\000O\000n\000e\000-\000s\000h\000o\000t\000\040\000r\000e\000u\000s\000e}{section.11}% 25
\BOOKMARK [1][-]{section.12}{\376\377\000R\000e\000p\000r\000o\000d\000u\000c\000i\000b\000i\000l\000i\000t\000y\000\040\000a\000n\000d\000\040\000a\000v\000a\000i\000l\000a\000b\000i\000l\000i\000t\000y}{}% 26
