0 A01 manual_external TRE 5.155592673370002 time 5.375084223225713
0 A01 predict_pair_full TRE 5.155565216074937 time 3.7677331808954477
0 A01 fixed_1_18 TRE 5.155693414590669 time 13.601053915917873
0 A01 residual_balance TRE 5.155834324465571 time 20.422848341986537
0 A01 adaptive_bb_proxy TRE 5.15554551561101 time 17.839728051796556
1 A02 manual_external TRE 4.76407607383145 time 8.071964776143432
1 A02 predict_pair_full TRE 4.764067988978442 time 6.041558597236872
1 A02 fixed_1_18 TRE 4.76396599479226 time 28.167794924229383
1 A02 residual_balance TRE 4.7638686778988975 time 37.836443988606334
1 A02 adaptive_bb_proxy TRE 4.764096904042511 time 15.299662999808788
2 A03 manual_external TRE 1.7930843230625024 time 10.130745980888605
2 A03 predict_pair_full TRE 1.7931000042600094 time 10.138907777145505
2 A03 fixed_1_18 TRE 1.7931706979909916 time 39.10935791581869
2 A03 residual_balance TRE 1.7932502858385657 time 37.92422152683139
2 A03 adaptive_bb_proxy TRE 1.7930775843393572 time 14.499532245099545
3 A04 manual_external TRE 3.321606196128405 time 14.308546047657728
3 A04 predict_pair_full TRE 3.3216313834326976 time 8.06954476609826
3 A04 fixed_1_18 TRE 3.3220398685912063 time 61.70337291806936
3 A04 residual_balance TRE 3.322508056103633 time 69.00446620583534
3 A04 adaptive_bb_proxy TRE 3.3214884379763294 time 43.797358464449644
4 A05 manual_external TRE 5.847962716951777 time 12.337650522589684
4 A05 predict_pair_full TRE 5.847974318132944 time 7.914184667170048
4 A05 fixed_1_18 TRE 5.848186819168296 time 19.54053157940507
4 A05 residual_balance TRE 5.848387535584274 time 19.74847426265478
4 A05 adaptive_bb_proxy TRE 5.847946262486923 time 13.754728775471449
5 A06 manual_external TRE 1.8013435975857865 time 17.10619420185685
5 A06 predict_pair_full TRE 1.8013441771793128 time 14.993552260100842
5 A06 fixed_1_18 TRE 1.8013327805193131 time 66.2608689405024
5 A06 residual_balance TRE 1.8013287891412018 time 97.0582392886281
5 A06 adaptive_bb_proxy TRE 1.8013461869717533 time 41.09569221176207
6 A07 manual_external TRE 1.4858030562194582 time 22.78510806336999
6 A07 predict_pair_full TRE 1.485798324903683 time 13.737357910722494
6 A07 fixed_1_18 TRE 1.485816661388182 time 47.17212332598865
6 A07 residual_balance TRE 1.4858461605701365 time 60.92350591532886
6 A07 adaptive_bb_proxy TRE 1.4857890627876122 time 30.88529076986015
7 A08 manual_external TRE 3.2348922324731033 time 8.777414271607995
7 A08 predict_pair_full TRE 3.234876826290127 time 6.205971537157893
7 A08 fixed_1_18 TRE 3.2349901909841057 time 24.321119211614132
7 A08 residual_balance TRE 3.235085596350218 time 18.912184668704867
7 A08 adaptive_bb_proxy TRE 3.234839339377024 time 8.82214292138815
8 A09 manual_external TRE 3.431712431198151 time 11.32088198326528
8 A09 predict_pair_full TRE 3.431680733320977 time 6.322716888040304
8 A09 fixed_1_18 TRE 3.431871292443497 time 33.129664627835155
8 A09 residual_balance TRE 3.4320584588697756 time 29.553674153983593
8 A09 adaptive_bb_proxy TRE 3.4316317125255082 time 14.441396793350577
9 A10 manual_external TRE 3.0451787523329625 time 16.200237659737468
9 A10 predict_pair_full TRE 3.0450183069358068 time 8.365361846983433
9 A10 fixed_1_18 TRE 3.0456866620943366 time 66.32300609908998
9 A10 residual_balance TRE 3.0463278181893756 time 92.2549923621118
9 A10 adaptive_bb_proxy TRE 3.0449366185513895 time 55.955836303532124
10 A11 manual_external TRE 3.2625778376479744 time 27.625981325283647
10 A11 predict_pair_full TRE 3.2622293005120255 time 10.888842031359673
10 A11 fixed_1_18 TRE 3.2634506021992786 time 60.85298338346183
10 A11 residual_balance TRE 3.2646916058413833 time 92.4461069945246
10 A11 adaptive_bb_proxy TRE 3.2620991451911587 time 44.152491046115756
11 A12 manual_external TRE 3.2653773412453315 time 27.830590210855007
11 A12 predict_pair_full TRE 3.265298489179635 time 15.079233139753342
11 A12 fixed_1_18 TRE 3.265597115127596 time 65.25639584288001
11 A12 residual_balance TRE 3.2658715005991565 time 97.85560378804803
11 A12 adaptive_bb_proxy TRE 3.265267800143689 time 47.548258911818266
12 A13 manual_external TRE 1.4562150277504302 time 26.996508674696088
12 A13 predict_pair_full TRE 1.4561658898621528 time 12.74377927556634
12 A13 fixed_1_18 TRE 1.4566894441248466 time 60.85025183483958
12 A13 residual_balance TRE 1.4572323039059603 time 78.2216309402138
12 A13 adaptive_bb_proxy TRE 1.4560162123754248 time 28.137149835005403
13 A14 manual_external TRE 8.298998333625784 time 28.207956448197365
13 A14 predict_pair_full TRE 8.29901712784644 time 14.140251982957125
13 A14 fixed_1_18 TRE 8.298899925489748 time 65.06137767620385
13 A14 residual_balance TRE 8.298761273456602 time 87.1972530670464
13 A14 adaptive_bb_proxy TRE 8.299024298383113 time 47.09517582319677
14 P01 manual_external TRE 44.56913013260238 time 11.79043833911419
14 P01 predict_pair_full TRE 44.56901823888846 time 7.01000920124352
14 P01 fixed_1_18 TRE 44.569448680851835 time 28.38525944016874
14 P01 residual_balance TRE 44.569842014746285 time 22.200891438871622
14 P01 adaptive_bb_proxy TRE 44.568959060729476 time 10.193357527256012
15 P02 manual_external TRE 20.69318016935096 time 8.569431688636541
15 P02 predict_pair_full TRE 20.693170809571722 time 6.678852608427405
15 P02 fixed_1_18 TRE 20.69342681173788 time 27.987601060420275
15 P02 residual_balance TRE 20.693677630010125 time 29.3409679569304
15 P02 adaptive_bb_proxy TRE 20.69313296126782 time 12.015097172930837
16 P03 manual_external TRE 47.51088999748434 time 17.32233033515513
16 P03 predict_pair_full TRE 47.510897039151466 time 12.730726934969425
16 P03 fixed_1_18 TRE 47.51089134252655 time 68.39172140136361
16 P03 residual_balance TRE 47.51087464828156 time 95.30192147195339
16 P03 adaptive_bb_proxy TRE 47.51089258645493 time 49.70835049264133
17 P04 manual_external TRE 106.44897200461605 time 21.584666958078742
17 P04 predict_pair_full TRE 106.4488361487262 time 12.062069464474916
17 P04 fixed_1_18 TRE 106.44945812001563 time 50.49881428480148
17 P04 residual_balance TRE 106.44998045266942 time 55.76471144706011
17 P04 adaptive_bb_proxy TRE 106.44876616326997 time 26.854437148198485
18 P05 manual_external TRE 107.24337465410683 time 18.745697759091854
18 P05 predict_pair_full TRE 107.24329238645741 time 13.087788566946983
18 P05 fixed_1_18 TRE 107.24371093611387 time 49.63536833040416
18 P05 residual_balance TRE 107.24409433113323 time 60.68237763270736
18 P05 adaptive_bb_proxy TRE 107.243217519871 time 22.877257596701384
19 P06 manual_external TRE 48.80950770948104 time 7.214713931083679
19 P06 predict_pair_full TRE 48.80947670492368 time 5.165205255150795
19 P06 fixed_1_18 TRE 48.8098510425601 time 18.914475398138165
19 P06 residual_balance TRE 48.81018439566405 time 17.20883232727647
19 P06 adaptive_bb_proxy TRE 48.80942449407139 time 7.737796220928431
20 P07 manual_external TRE 45.27704901920491 time 6.55439174734056
20 P07 predict_pair_full TRE 45.2769929477074 time 4.360419226810336
20 P07 fixed_1_18 TRE 45.27721837629957 time 21.68570812046528
20 P07 residual_balance TRE 45.27742974284941 time 22.05092036910355
20 P07 adaptive_bb_proxy TRE 45.27694752118542 time 10.449999133124948
21 P08 manual_external TRE 84.28571930348753 time 3.9971759114414454
21 P08 predict_pair_full TRE 84.28571917634792 time 2.7698324359953403
21 P08 fixed_1_18 TRE 84.28576432773212 time 13.204701712355018
21 P08 residual_balance TRE 84.28579409148217 time 11.721282569691539
21 P08 adaptive_bb_proxy TRE 84.2857130534126 time 5.1116372141987085
22 P09 manual_external TRE 100.72233955959673 time 3.072004798799753
22 P09 predict_pair_full TRE 100.72235856566502 time 2.2128279097378254
22 P09 fixed_1_18 TRE 100.72229491775163 time 11.816228119656444
22 P09 residual_balance TRE 100.72221293973031 time 14.686015447601676
22 P09 adaptive_bb_proxy TRE 100.72237324208055 time 6.889478897675872
23 P10 manual_external TRE 84.16829908139027 time 13.319375313818455
23 P10 predict_pair_full TRE 84.16831845519141 time 10.013125007972121
23 P10 fixed_1_18 TRE 84.16838055010116 time 53.98483453691006
23 P10 residual_balance TRE 84.16846698407531 time 72.20864279568195
23 P10 adaptive_bb_proxy TRE 84.16828490870293 time 32.179464073851705
24 P11 manual_external TRE 81.50261523340566 time 17.436475997790694
24 P11 predict_pair_full TRE 81.50262588935259 time 8.663466630503535
24 P11 fixed_1_18 TRE 81.50271582458268 time 39.90373191051185
24 P11 residual_balance TRE 81.50282408787467 time 40.81575817987323
24 P11 adaptive_bb_proxy TRE 81.50259822355247 time 10.51692771539092
25 P12 manual_external TRE 84.34337449339756 time 4.5676583126187325
25 P12 predict_pair_full TRE 84.34338366482692 time 4.205151313915849
25 P12 fixed_1_18 TRE 84.34338746180464 time 19.440049504861236
25 P12 residual_balance TRE 84.34338251835007 time 16.804113935679197
25 P12 adaptive_bb_proxy TRE 84.34339087168092 time 6.59386389516294
26 P13 manual_external TRE 94.57539761024023 time 9.68017652258277
26 P13 predict_pair_full TRE 94.57539010333716 time 5.732819968834519
26 P13 fixed_1_18 TRE 94.57550006694825 time 42.34112267754972
26 P13 residual_balance TRE 94.57561678536368 time 45.60034820996225
26 P13 adaptive_bb_proxy TRE 94.57535320752933 time 11.861310673877597
27 P14 manual_external TRE 100.80500586044198 time 4.244100788608193
27 P14 predict_pair_full TRE 100.80499291239657 time 2.346463503316045
27 P14 fixed_1_18 TRE 100.80508417866376 time 12.428442971780896
27 P14 residual_balance TRE 100.80516367212397 time 22.463939582929015
27 P14 adaptive_bb_proxy TRE 100.80496803160045 time 13.1911766435951
28 P15 manual_external TRE 158.39840881401966 time 8.611582662910223
28 P15 predict_pair_full TRE 158.39836268694603 time 6.169909840449691
28 P15 fixed_1_18 TRE 158.3986947652437 time 27.20588529482484
28 P15 residual_balance TRE 158.39903163728837 time 21.40367452800274
28 P15 adaptive_bb_proxy TRE 158.39827404089442 time 10.373352158814669
29 P16 manual_external TRE 89.01463824882073 time 12.417744873091578
29 P16 predict_pair_full TRE 89.01465646107528 time 8.39720205962658
29 P16 fixed_1_18 TRE 89.01424569547478 time 39.92088256031275
29 P16 residual_balance TRE 89.01381121812598 time 37.33880638703704
29 P16 adaptive_bb_proxy TRE 89.01477770486046 time 9.796521235257387
30 P17 manual_external TRE 57.69800972177161 time 5.723749959841371
30 P17 predict_pair_full TRE 57.69775631338842 time 5.701501151546836
30 P17 fixed_1_18 TRE 57.69871432816243 time 27.976098515093327
30 P17 residual_balance TRE 57.69969468674801 time 25.00582500733435
30 P17 adaptive_bb_proxy TRE 57.69763775760928 time 8.873081056401134
31 P18 manual_external TRE 57.64254843375662 time 14.777743767946959
31 P18 predict_pair_full TRE 57.64260035979427 time 10.31113682501018
31 P18 fixed_1_18 TRE 57.64312916250968 time 41.06919550150633
31 P18 residual_balance TRE 57.64369718360187 time 48.05016784928739
31 P18 adaptive_bb_proxy TRE 57.64233649655682 time 20.43869048729539
32 P19 manual_external TRE 40.63958685629092 time 9.049051566049457
32 P19 predict_pair_full TRE 40.6395684245758 time 9.63562193326652
32 P19 fixed_1_18 TRE 40.639666825149234 time 49.61676076799631
32 P19 residual_balance TRE 40.63977714456966 time 46.44133650511503
32 P19 adaptive_bb_proxy TRE 40.639539939975414 time 16.77306666597724
33 P20 manual_external TRE 52.37764286864211 time 11.249338565394282
33 P20 predict_pair_full TRE 52.37764796655165 time 7.806741600856185
33 P20 fixed_1_18 TRE 52.37773004410627 time 54.95509346574545
33 P20 residual_balance TRE 52.37781194463796 time 36.9643509760499
33 P20 adaptive_bb_proxy TRE 52.377631168406594 time 24.24306232482195
34 P21 manual_external TRE 75.22568786033183 time 16.81617569550872
34 P21 predict_pair_full TRE 75.22564881605797 time 10.562910065054893
34 P21 fixed_1_18 TRE 75.2258152139131 time 40.63819255121052
34 P21 residual_balance TRE 75.22597525887076 time 53.359757374972105
34 P21 adaptive_bb_proxy TRE 75.22563770371377 time 14.093540599569678
35 P22 manual_external TRE 108.56155748199825 time 6.755901826545596
35 P22 predict_pair_full TRE 108.56157168498663 time 5.0170653481036425
35 P22 fixed_1_18 TRE 108.56150086427422 time 42.51426265761256
35 P22 residual_balance TRE 108.56145624737853 time 54.89081511832774
35 P22 adaptive_bb_proxy TRE 108.5615851759411 time 20.322525611147285
36 P23 manual_external TRE 87.77132629674341 time 6.54184945859015
36 P23 predict_pair_full TRE 87.77134143731755 time 4.567478362470865
36 P23 fixed_1_18 TRE 87.77117456081243 time 24.347528779879212
36 P23 residual_balance TRE 87.77100072265686 time 31.340854788199067
36 P23 adaptive_bb_proxy TRE 87.77141171621403 time 9.60797781124711
37 P24 manual_external TRE 58.19050816353908 time 3.3467443753033876
37 P24 predict_pair_full TRE 58.19052496033558 time 1.7370565310120583
37 P24 fixed_1_18 TRE 58.190445754718205 time 11.648303864523768
37 P24 residual_balance TRE 58.19037841281559 time 10.502074968069792
37 P24 adaptive_bb_proxy TRE 58.190546672925905 time 4.740940153598785
38 P25 manual_external TRE 65.7417570819405 time 19.42720620892942
38 P25 predict_pair_full TRE 65.74175584497183 time 13.859082583338022
38 P25 fixed_1_18 TRE 65.74176204624018 time 65.12874343059957
38 P25 residual_balance TRE 65.74176418041213 time 52.56605393998325
38 P25 adaptive_bb_proxy TRE 65.7417540452543 time 19.652393113821745
39 P26 manual_external TRE 75.54519597290323 time 9.601923560723662
39 P26 predict_pair_full TRE 75.54519508770936 time 6.214249350130558
39 P26 fixed_1_18 TRE 75.54527880570438 time 30.69188191741705
39 P26 residual_balance TRE 75.54536348084733 time 39.5455623306334
39 P26 adaptive_bb_proxy TRE 75.54518010917823 time 19.510473310947418
40 P27 manual_external TRE 75.18658790196208 time 12.432142550125718
40 P27 predict_pair_full TRE 75.18658315660339 time 10.14927290007472
40 P27 fixed_1_18 TRE 75.18668986616211 time 41.99302762374282
40 P27 residual_balance TRE 75.18680450165382 time 37.32518162578344
40 P27 adaptive_bb_proxy TRE 75.18656109500212 time 19.05316844023764
41 P28 manual_external TRE 64.88604162897732 time 11.875821454450488
41 P28 predict_pair_full TRE 64.88606785379136 time 7.393611224368215
41 P28 fixed_1_18 TRE 64.88597171080433 time 42.60842849873006
41 P28 residual_balance TRE 64.8858902209331 time 44.08501215837896
41 P28 adaptive_bb_proxy TRE 64.88608124523351 time 17.768092384561896
42 P29 manual_external TRE 70.90337541092285 time 7.553605945780873
42 P29 predict_pair_full TRE 70.90336882793743 time 5.4646980203688145
42 P29 fixed_1_18 TRE 70.90344854313575 time 27.436987372115254
42 P29 residual_balance TRE 70.9035285792379 time 27.15687702409923
42 P29 adaptive_bb_proxy TRE 70.90333974292753 time 12.160313518717885
43 P30 manual_external TRE 104.33503277054547 time 13.454878944903612
43 P30 predict_pair_full TRE 104.33503910401858 time 6.334726063534617
43 P30 fixed_1_18 TRE 104.33515847583354 time 48.63631325773895
43 P30 residual_balance TRE 104.3353055774393 time 47.544460548087955
43 P30 adaptive_bb_proxy TRE 104.33496113361197 time 22.897622607648373
44 P31 manual_external TRE 103.87111981633356 time 12.356193467974663
44 P31 predict_pair_full TRE 103.87111177716397 time 8.486839843913913
44 P31 fixed_1_18 TRE 103.87108610104181 time 39.198402335867286
44 P31 residual_balance TRE 103.87104952255841 time 39.56104466691613
44 P31 adaptive_bb_proxy TRE 103.87111351765051 time 17.901718709617853
45 P32 manual_external TRE 36.219858135001495 time 16.617894867435098
45 P32 predict_pair_full TRE 36.219732537574814 time 10.77293111011386
45 P32 fixed_1_18 TRE 36.22017738741068 time 56.641348123550415
45 P32 residual_balance TRE 36.2205725877007 time 54.761955451220274
45 P32 adaptive_bb_proxy TRE 36.21968483530423 time 26.62557310424745
46 P33 manual_external TRE 48.43459715936564 time 16.533644042909145
46 P33 predict_pair_full TRE 48.43443478044131 time 11.628425423055887
46 P33 fixed_1_18 TRE 48.43508671904059 time 56.964024940505624
46 P33 residual_balance TRE 48.43568212739417 time 47.66456304490566
46 P33 adaptive_bb_proxy TRE 48.434375036168746 time 15.310805456712842
47 P34 manual_external TRE 85.26621679778981 time 8.123591978102922
47 P34 predict_pair_full TRE 85.26622930154014 time 4.205027656629682
47 P34 fixed_1_18 TRE 85.26628615791321 time 37.94161072187126
47 P34 residual_balance TRE 85.2663476279117 time 46.08703080192208
47 P34 adaptive_bb_proxy TRE 85.26621259824148 time 20.180784057825804
48 P35 manual_external TRE 82.45013380084251 time 13.757803542539477
48 P35 predict_pair_full TRE 82.45011546131602 time 7.641674568876624
48 P35 fixed_1_18 TRE 82.4501690266021 time 52.111553747206926
48 P35 residual_balance TRE 82.45021008277126 time 49.482782531529665
48 P35 adaptive_bb_proxy TRE 82.450112507809 time 20.78041624650359
49 P36 manual_external TRE 72.84475670635607 time 14.913397070020437
49 P36 predict_pair_full TRE 72.84475735466991 time 10.934650294482708
49 P36 fixed_1_18 TRE 72.84487761699108 time 45.02912415005267
49 P36 residual_balance TRE 72.84497276780235 time 43.46591577865183
49 P36 adaptive_bb_proxy TRE 72.84474480382266 time 22.241782603785396
50 P37 manual_external TRE 34.09626173331196 time 10.881731042638421
50 P37 predict_pair_full TRE 34.09607827125362 time 6.798824325203896
50 P37 fixed_1_18 TRE 34.09665171328571 time 36.52272558026016
50 P37 residual_balance TRE 34.097143635709955 time 29.316798206418753
50 P37 adaptive_bb_proxy TRE 34.09605058503358 time 12.880504319444299
51 P38 manual_external TRE 89.61539732970871 time 19.370094703510404
51 P38 predict_pair_full TRE 89.61541149279712 time 12.402705270797014
51 P38 fixed_1_18 TRE 89.61553479963456 time 53.13833253830671
51 P38 residual_balance TRE 89.61568422184166 time 36.75355732627213
51 P38 adaptive_bb_proxy TRE 89.61536505768746 time 18.663038415834308
52 P39 manual_external TRE 38.87171133551667 time 10.644417257979512
52 P39 predict_pair_full TRE 38.871621333235495 time 4.888050423935056
52 P39 fixed_1_18 TRE 38.87191558848246 time 28.395762657746673
52 P39 residual_balance TRE 38.87216956242845 time 42.7900420371443
52 P39 adaptive_bb_proxy TRE 38.871600286119715 time 19.27058973349631
53 P40 manual_external TRE 30.764475074509562 time 11.635114017874002
53 P40 predict_pair_full TRE 30.764455066079528 time 8.463986672461033
53 P40 fixed_1_18 TRE 30.764217214381183 time 35.73637258075178
53 P40 residual_balance TRE 30.763992099297255 time 34.125787518918514
53 P40 adaptive_bb_proxy TRE 30.7645155528529 time 11.73344499617815
54 P41 manual_external TRE 68.76461294017008 time 18.717281252145767
54 P41 predict_pair_full TRE 68.76460690503458 time 13.999936470761895
54 P41 fixed_1_18 TRE 68.76469438284488 time 53.10290222428739
54 P41 residual_balance TRE 68.76477523788202 time 50.54422847740352
54 P41 adaptive_bb_proxy TRE 68.76458789498753 time 27.53604224137962
55 P42 manual_external TRE 69.35666793435986 time 17.751495234668255
55 P42 predict_pair_full TRE 69.35664472138461 time 11.754764791578054
55 P42 fixed_1_18 TRE 69.35677167063398 time 50.85376854240894
55 P42 residual_balance TRE 69.35688894594429 time 56.17537922784686
55 P42 adaptive_bb_proxy TRE 69.35662372075214 time 23.64161897264421
56 P43 manual_external TRE 68.33773338297178 time 16.914139483124018
56 P43 predict_pair_full TRE 68.33772711789814 time 11.448421750217676
56 P43 fixed_1_18 TRE 68.33775135610465 time 45.36177953891456
56 P43 residual_balance TRE 68.33775126143858 time 39.731537856161594
56 P43 adaptive_bb_proxy TRE 68.33774639122737 time 21.792321652173996
57 P44 manual_external TRE 67.99739231545621 time 17.38069478981197
57 P44 predict_pair_full TRE 67.99730306085065 time 10.601522186771035
57 P44 fixed_1_18 TRE 67.99779132892067 time 60.18200421333313
57 P44 residual_balance TRE 67.99832876040972 time 55.699294310063124
57 P44 adaptive_bb_proxy TRE 67.99718714617251 time 21.713459484279156
58 P45 manual_external TRE 44.45395808847918 time 12.611213454976678
58 P45 predict_pair_full TRE 44.453950559171034 time 11.676872344687581
58 P45 fixed_1_18 TRE 44.45412690242056 time 53.272113524377346
58 P45 residual_balance TRE 44.45429376026442 time 40.001552326604724
58 P45 adaptive_bb_proxy TRE 44.45390344941046 time 13.362652709707618
59 P46 manual_external TRE 44.816754923042 time 5.306082742288709
59 P46 predict_pair_full TRE 44.81664435611299 time 3.889312334358692
59 P46 fixed_1_18 TRE 44.817257877716116 time 42.04668756574392
59 P46 residual_balance TRE 44.81783889760776 time 31.14956260100007
59 P46 adaptive_bb_proxy TRE 44.816527021750545 time 12.242923561483622
60 P47 manual_external TRE 43.55767936713782 time 10.041256882250309
60 P47 predict_pair_full TRE 43.557682091231 time 11.198050243780017
60 P47 fixed_1_18 TRE 43.55777021935579 time 50.943088702857494
60 P47 residual_balance TRE 43.557861652517246 time 35.9760703984648
60 P47 adaptive_bb_proxy TRE 43.55769505342923 time 19.964184314012527
61 P48 manual_external TRE 43.860566183115544 time 7.829687982797623
61 P48 predict_pair_full TRE 43.860562206363596 time 5.203931584954262
61 P48 fixed_1_18 TRE 43.860617325877506 time 25.36663405224681
61 P48 residual_balance TRE 43.86066429478479 time 17.7946035284549
61 P48 adaptive_bb_proxy TRE 43.86054258179385 time 6.847469676285982
62 P49 manual_external TRE 58.07534661588932 time 6.743558323010802
62 P49 predict_pair_full TRE 58.075350187932145 time 4.559567151591182
62 P49 fixed_1_18 TRE 58.07541242390729 time 30.247721387073398
62 P49 residual_balance TRE 58.0754878861742 time 29.302852548658848
62 P49 adaptive_bb_proxy TRE 58.07533748672693 time 10.680177483707666
63 S01 manual_external TRE 14.580920338430548 time 10.484461242333055
63 S01 predict_pair_full TRE 14.580967077488753 time 6.918494528159499
63 S01 fixed_1_18 TRE 14.580784043704426 time 48.922141997143626
63 S01 residual_balance TRE 14.580592456905332 time 41.46993219666183
63 S01 adaptive_bb_proxy TRE 14.580980635011418 time 16.283815475180745
64 S02 manual_external TRE 6.65589903476444 time 14.16856143437326
64 S02 predict_pair_full TRE 6.655873521909193 time 10.99989696033299
64 S02 fixed_1_18 TRE 6.656381928354589 time 39.664972154423594
64 S02 residual_balance TRE 6.656805450013685 time 26.20494389347732
64 S02 adaptive_bb_proxy TRE 6.655815003683258 time 16.19990505836904
65 S03 manual_external TRE 21.553055199656832 time 10.009944822639227
65 S03 predict_pair_full TRE 21.553042418587204 time 6.993017744272947
65 S03 fixed_1_18 TRE 21.553120173422442 time 37.351499285548925
65 S03 residual_balance TRE 21.55313390293353 time 34.621557757258415
65 S03 adaptive_bb_proxy TRE 21.553022121288613 time 27.38184337131679
66 S04 manual_external TRE 1.511993305287469 time 16.3547470793128
66 S04 predict_pair_full TRE 1.5120384157566007 time 7.925328964367509
66 S04 fixed_1_18 TRE 1.5115456307926587 time 52.90849543362856
66 S04 residual_balance TRE 1.5109191495079357 time 52.97162742912769
66 S04 adaptive_bb_proxy TRE 1.512261073070207 time 24.263285482302308
{
  "pairs": 67,
  "rows": 335,
  "path": "/srv/disk01/xhx/git/admm-registration/results/real2d_v1/fire256_full_APS_000.csv"
}
